error: can not infer return type. Please set a attribute: #[activity(ret = "Type")]
 --> $DIR/ret_infer_err.rs:5:24
  |
5 | fn bar_impl(a: i32) -> impl Fut<Output=usize>{
  |                        ^^^^^^^^^^^^^^^^^^^^^^
